------------------------------------------------------------
Timing Analyzer Summary
------------------------------------------------------------

Type  : Slow 1200mV 85C Model Setup 'clock_2hz:inst|clk_reg'
Slack : -6.980
TNS   : -416.923

Type  : Slow 1200mV 85C Model Setup 'MAX10_CLK2_50'
Slack : -4.156
TNS   : -49.122

Type  : Slow 1200mV 85C Model Setup 'NbitPR:DEVICESELECT|Q[0]'
Slack : -3.172
TNS   : -5.689

Type  : Slow 1200mV 85C Model Hold 'clock_2hz:inst|clk_reg'
Slack : 0.348
TNS   : 0.000

Type  : Slow 1200mV 85C Model Hold 'MAX10_CLK2_50'
Slack : 0.638
TNS   : 0.000

Type  : Slow 1200mV 85C Model Hold 'NbitPR:DEVICESELECT|Q[0]'
Slack : 1.801
TNS   : 0.000

Type  : Slow 1200mV 85C Model Minimum Pulse Width 'MAX10_CLK2_50'
Slack : -3.000
TNS   : -39.478

Type  : Slow 1200mV 85C Model Minimum Pulse Width 'clock_2hz:inst|clk_reg'
Slack : -1.403
TNS   : -186.599

Type  : Slow 1200mV 85C Model Minimum Pulse Width 'NbitPR:DEVICESELECT|Q[0]'
Slack : 0.387
TNS   : 0.000

Type  : Slow 1200mV 0C Model Setup 'clock_2hz:inst|clk_reg'
Slack : -6.278
TNS   : -373.344

Type  : Slow 1200mV 0C Model Setup 'MAX10_CLK2_50'
Slack : -3.788
TNS   : -42.514

Type  : Slow 1200mV 0C Model Setup 'NbitPR:DEVICESELECT|Q[0]'
Slack : -2.900
TNS   : -5.233

Type  : Slow 1200mV 0C Model Hold 'clock_2hz:inst|clk_reg'
Slack : 0.312
TNS   : 0.000

Type  : Slow 1200mV 0C Model Hold 'MAX10_CLK2_50'
Slack : 0.590
TNS   : 0.000

Type  : Slow 1200mV 0C Model Hold 'NbitPR:DEVICESELECT|Q[0]'
Slack : 1.718
TNS   : 0.000

Type  : Slow 1200mV 0C Model Minimum Pulse Width 'MAX10_CLK2_50'
Slack : -3.000
TNS   : -39.478

Type  : Slow 1200mV 0C Model Minimum Pulse Width 'clock_2hz:inst|clk_reg'
Slack : -1.403
TNS   : -186.599

Type  : Slow 1200mV 0C Model Minimum Pulse Width 'NbitPR:DEVICESELECT|Q[0]'
Slack : 0.414
TNS   : 0.000

Type  : Fast 1200mV 0C Model Setup 'clock_2hz:inst|clk_reg'
Slack : -2.557
TNS   : -116.775

Type  : Fast 1200mV 0C Model Setup 'MAX10_CLK2_50'
Slack : -1.311
TNS   : -7.073

Type  : Fast 1200mV 0C Model Setup 'NbitPR:DEVICESELECT|Q[0]'
Slack : -1.086
TNS   : -1.886

Type  : Fast 1200mV 0C Model Hold 'clock_2hz:inst|clk_reg'
Slack : 0.150
TNS   : 0.000

Type  : Fast 1200mV 0C Model Hold 'MAX10_CLK2_50'
Slack : 0.248
TNS   : 0.000

Type  : Fast 1200mV 0C Model Hold 'NbitPR:DEVICESELECT|Q[0]'
Slack : 1.063
TNS   : 0.000

Type  : Fast 1200mV 0C Model Minimum Pulse Width 'MAX10_CLK2_50'
Slack : -3.000
TNS   : -33.394

Type  : Fast 1200mV 0C Model Minimum Pulse Width 'clock_2hz:inst|clk_reg'
Slack : -1.000
TNS   : -133.000

Type  : Fast 1200mV 0C Model Minimum Pulse Width 'NbitPR:DEVICESELECT|Q[0]'
Slack : 0.413
TNS   : 0.000

------------------------------------------------------------
